// Jest Snapshot v1, https://goo.gl/fbAQLP

exports[`renders correctly 1`] = `
<View
  collapsable={true}
  pointerEvents="box-none"
  style={
    Object {
      "flex": 1,
    }
  }
>
  <
    style={
      Array [
        Object {
          "height": undefined,
          "width": undefined,
        },
        Object {
          "alignItems": "center",
          "backgroundColor": "gray",
          "borderColor": "white",
          "borderWidth": 1,
          "justifyContent": "center",
        },
      ]
    }
  >
    <View
      style={
        Object {
          "alignItems": "center",
          "justifyContent": "center",
        }
      }
    >
      <Text
        style={
          Object {
            "color": "white",
            "textAlignVertical": "center",
          }
        }
        testID="CellValue"
      >
        
      </Text>
    </View>
  </>
</View>
`;
