// Jest Snapshot v1, https://goo.gl/fbAQLP

exports[`renders correctly 1`] = `
<View
  collapsable={true}
  pointerEvents="box-none"
  style={
    Object {
      "flex": 1,
    }
  }
>
  <View
    style={
      Object {
        "flexDirection": "row",
        "justifyContent": "space-between",
      }
    }
  >
    <Text
      style={
        Object {
          "fontSize": 26,
        }
      }
    >
      00
    </Text>
    <Text
      style={
        Object {
          "fontSize": 26,
        }
      }
    >
      00:00:00
    </Text>
    <Text
      style={
        Object {
          "fontSize": 26,
        }
      }
    >
      00
    </Text>
  </View>
</View>
`;
